------------------------------------------------------------------------------------------------------a
------------------------------------------------------------------------------------------------------a
---------------------------------------------------------------------``-------------------------------a
---------------------------------`------------------------------------`-------------------------------a
----------------------------------------------------------------`-------------`-----------------------a
-------------------------------------------------------------------------`----------------------------a
------------------------------qr---qr--------------`----`----`-----`----qer---------------------------a
----------------------------qm,f```a./r-----------qwr--qwr--qwr---qwr---zxv---------------------------a
-----------------й---0----qm,sdf```asd./r---------asd--asd--asf---zxv----`----------------------------a
----------------qewewewewm,sdsd./wm,ssdd./wewewewm,sfhhasfhhasf----------`--qe----`--`---`-------`78--a
----------------asdsdsdsdsdsdsdsdsdsdsdsdsdsdsdsdsdsfnnadfnnadf-----------`-ad------------------``ui--a
----------------asdsdsdsdsdsdsdsdsdsdsdsdsdsdsdsdsdsfsdadfsdadf-----------g-ad----`--`---`-----```jk--a
----------------adsdsdsdsdsdsdsdsdsdsdsdsdsdsdsdsdsdsdsdsdsdsdfhhhhhhhhhhhbhadhhhhghhghhhghhqwewewewem,
----------------asdsdsdsdsdsdsdsdsdsdsdsdsdsdsdsdsdsdsdsdsdsdsfnnnnnnnnnnnbnadnnnnbnnbnnnbnnasdsdsdsdsd
----------------adsdsdsdsdsdsdsdsdsdsdsdsdsdsdsdsdsdsdsdsdsdsdsdsdsdsdsdsdsdsdsdsdsdsdsdsdssdsdsdsdsdss
----------------asdsdsdsdsdsdsdsdsdsdsdsdsdsdsdsdsdsdsdsdsdsdsdsdsdsdsdsdsdsdsdsdsdsdsdsdsddssdsddsdsds
<<<<<<<<<<<<<<<<adsdsdsdsdsdsdsdsdsdsdsdsdsdsdsdsdsdsdsdsdsdsdsdsdsdsdsdsdsdsdsdsdsdsdsdsdssddsdssddsds
----------------asdsdsdsdsdsdsdsdsdsdsdsdsdsdsdsdsdsdsdsdsdsdsdsdsdsdsdsdsdsdsdsdsdsdsdsdsddssdsddsdsds
----------------adsdsdsdsdsdsdsdsdsdsdsdsdsdsdsdsdsdsdsdsdsdsdsdsdsdsdsdsdsdsdsdsdsdsdsdsdssddsdssddsds
----------------asdsdsdsdsdsdsdsdsdsdsdsdsdsdsdsdsdsdsdsdsdsdsdsdsdsdsdsdsdsdsdsdsdsdsdsdsddssdsddsdsds
----------------adsdsdsdsdsdsdsdsdsdsdsdsdsdsdsdsdsdsdsdsdsdsdsdsdsdsdsdsdsdsdsdsdsdsdsdsdssddsdssddsds
----------------asdsdsdsdsdsdsdsdsdsdsdsdsdsdsdsdsdsdsdsdsdsdsdsdsdsdsdsdsdsdsdsdsdsdsdsdsddssdsddsdsds
----------------adsdsdsdsdsdsdsdsdsdsdsdsdsdsdsdsdsdsdsdsdsdsdsdsdsdsdsdsdsdsdsdsdsdsdsdsdssddsdssddsds
----------------asdsdsdsdsdsdsdsdsdsdsdsdsdsdsdsdsdsdsdsdsdsdsdsdsdsdsdsdsdsdsdsdsdsdsdsdsddssdsddsdsds
----------------adsdsdsdsdsdsdsdsdsdsdsdsdsdsdsdsdsdsdsdsdsdsdsdsdsdsdsdsdsdsdsdsdsdsdsdsdssddsdssddsds
----------------asdsdsdsdsdsdsdsdsdsdsdsdsdsdsdsdsdsdsdsdsdsdsdsdsdsdsdsdsdsdsdsdsdsdsdsdsddssdsddsdsds
