sdsdsdsdsdsdsdsf------------------------------------------------------------------------sdsdsdsdsdf-------------------------asdsdsdsdsdssdsdsds
sdsdsdsdsdsdsdsf------------------------------------------------------------------------sdsdsdsdsdf-------------------------asdsdsdsdsdssdsdsds
sdsdsdsdsdsdsdsf------------------------------------------------------------------------sdsdsdsdsdf-------------------------asdsdsdsdsdssdsdsds
sdsdsdsdsdsdsdsf------------------------------------------------------------------------sdsdsdsdsdf-------------------------asdsdsdsdsdssdsdsds
sdsdsdsdsdsdsdsf------------------------------------------------------------------------sdsdsdsdsdf-------------------------asdsdsdsdsdssdsdsds
sdsdsdsdsdsdsdsf------------------------------------------------------------------------sdsdsdsdsdf-------------------------asdsdsdsdsdssdsdsds
sdsdsdsdsdsdsdsf------------------------------------------------------------------------sdsdsdsdsdf-------------------------asdsdsdsdsdssdsdsds
sdsdsdsdsdsdsdsf------------------------------------------------------------------------sdsdsdsdsdf-------------------------asdsdsdsdsdssdsdsds
sdsdsdsdsdsdsdsf------------------------------------------------------------------------sdsdsdsdsdf-------------------------asdsdsdsdsdssdsdsds
sdsdsdsdsdsdsdsf------------------------------------------------------------------------sdsdsdsdsdf-------------------------asdsdsdsdsdssdsdsds
sdsdsdsdsdsdsdsf------------------------------------------------------------------------sdsdsdsdsdf-------------------------asdsdsdsdsdssdsdsds
sdsdsdsdsdsdsdsf------------------------------------------------------------------------sdsdsdsdsdf-------------------------zxcsdsdsdsdssdsdsds
sdsdsdsdsdsdsdsf------------------------------------------------------------------------sdsdsdsdsdf----------------------------assdsdsdssdsdsds
sdsdsdsdsdsdsdsf------------------------------------------------------------------------sdsdsdsdsdf----------------------`--78-adsdsdsdssdsdsds
sdsdsdsdsdsdsdsf-------------------------------------`-------------------`--------------sdsdsdsdsdf---------------------```-ui-adsdsdsdssdsdsds
sdsdsdsdsdsdsdsf------------------------------------------------------------------------sdsdsdsdsdf----------------------`--jk-adsdsdsdssdsdsds
sdsdsdsdsdsdsdsf----------------------------------`-----`--------------------------```--sdsdsdsdsdf--------------------qwewewem,dsdsdsdssdsdsds
sdsdsdsdsdsdsdsf---------------------------------qwr---qer------------qr-`-qr------`-`--sdsdsdsdsdf--------`----`--``--zxcxcdsdsdsdsdsdssdsdsds
sdsdsdsdsdsdsdsf--------------------0-----```----adf---asf----------qm,f---a./r----```--sdsdsdsdsdf-------------------------asdsdsdsdsdssdsdsds
sdsdsdsdsdsdsdsf!`!----@#$---!-------------------asf---adf---@#$--qm,sdf-`-asd./r---9---sdsdsdsdsdf----qwr---qr---qwer------asdsdsdsdsdssdsdsds
sdsdsdsdsdsdsds./eeeewwwwwwwwwweeeweweweweweweeem,s.wem,s./eweeewm,sdsdf---assdd./wewewesdsdsdsdsdf----zxv---zv---zxcv--``--asdsdsdsdsdssdsdsds
sdsdsdsdsdsdsdssdssssddddddddddsssdsdsdsdsdsdssssdssdsssdsssdsssdsdsdsdf-`-adsdsdsdsdsdssdsdsdsdsdf`------------------------asdsdsdsdsdssdsdsds
sdsdsdsdsdsdsdssdssssddddddddddsssdsdsdsdsdsdssssdssdsssdsssdsssdsdsdsdf---asdsdsdsdssdssdsdsdsdsdf----------------``--qwer-asdsdsdsdsdssdsdsds
sdsdsdsdsdsdsdssdddddssssssssssdddsdsdsdsdsdsddddsddsdddsdddsdddsdsdsdsf-`-zxcxcxcxcxcxcxcxcxcxcxcv--------------------zxcv-asdsdsdsdsdssdsdsds
sdsdsdsdsdsdsdssdssssddddddddddsssdsdsdsdsdsdssssdssdsssdsssdsssdsdsdsdf------------------------------------------qwer------asdsdsdsdsdssdsdsds
sdsdsdsdsdsdsdssdddddssssssssssdddsdsdsdsdsdsddddsddsdddsdddsdddsdsdsdsf------------------------------------------zxcv--``--asdsdsdsdsdssdsdsds
sdsdsdsdsdsdsdssdssssddddddddddsssdsdsdsdsdsdssssdssdsssdsssdsssdsdsdsdf-------------------`----------`----`----`-----------asdsdsdsdsdssdsdsds
sdsdsdsdsdsdsdssdddddssssssssssdddsdsdsdsdsdsddddsddsdddsdddsdddsdsdsds./ewewewewewewewewwewewewewr--qwr--qwr--qwwewewewewem,sdsdsdsdsdssdsdsds
sdsdsdsdsdsdsdsaassssddddddddddsssdsdsdsdsdsdssssdssdsssdsssdsssdsdsdsdsdsdsdsdsdsdsdsdssdsdsdsdsdf--adf--asf--adsdsdsdsdsdsssdsdsdsdsdssdsdsds
sdsdsdsdsdsdsdsaaddddssssssssssdddsdsdsdsdsdsddddsddsdddsdddsdddsdsdsdsdsdsdsdsdsdsdsdsdsdsdsdsdsdfhhadfhhadfhhadsdsdsdsdsdsssdsdsdsdsdssdsdsds
sdsdsdsdsdsdsdsaassssddddddddddsssdsdsdsdsdsdssssdssdsssdsssdsssdsdsdsdsdsdsdsdsdsdsdsdssdsdsdsdsdfnnadfnnasfnnadsdsdsdsdsdsssdsdsdsdsdssdsdsds
sdsdsdsdsdsdsdsaaddddssssssssssdddsdsdsdsdsdsddddsddsdddsdddsdddsdsdsdsdsdsdsdsdsdsdsdsdsdsdsdsdsdsdsddddddsdsdsdsdsdsdsdsdsssdsdsdsdsdssdsdsds
sdsdsdsdsdsdsdsaassssddddddddddsssdsdsdsdsdsdssssdssdsssdsssdsssdsdsdsdsdsdsdsdsdsdsdsdssdsdsdsdsdsdsddddddsdsdsdsdsdsdsdsdsssdsdsdsdsdssdsdsds
sdsdsdsdsdsdsdsaaddddssssssssssdddsdsdsdsdsdsddddsddsdddsdddsdddsdsdsdsdsdsdsdsdsdsdsdsdsdsdsdsdsdsdsddddddsdsdsdsdsdsdsdsdsssdsdsdsdsdssdsdsds
sdsdsdsdsdsdsdsaassssddddddddddsssdsdsdsdsdsdssssdssdsssdsssdsssdsdsdsdsdsdsdsdsdsdsdsdssdsdsdsdsdsdsddddddsdsdsdsdsdsdsdsdsssdsdsdsdsdssdsdsds
sdsdsdsdsdsdsdsaaddddssssssssssdddsdsdsdsdsdsddddsddsdddsdddsdddsdsdsdsdsdsdsdsdsdsdsdsdsdsdsdsdsdsdsddddddsdsdsdsdsdsdsdsdsssdsdsdsdsdssdsdsds
sdsdsdsdsdsdsdsaassssddddddddddsssdsdsdsdsdsdssssdssdsssdsssdsssdsdsdsdsdsdsdsdsdsdsdsdssdsdsdsdsdsdsddddddsdsdsdsdsdsdsdsdsssdsdsdsdsdssdsdsds
