xxxxxxxxxxxxxxxxxxxxxxxxxxxxxxxxxxxxxxxxxxxxxxxxxxxxxxxxxxxxxxxxxxxxxxxxxxxxxxxxxxxxxxxxxxxxxxxxxxxxxxxxxxxxxxxxxxxxxxxxxxxxxxxxxxxxxxxxxxxxx
xxxxxxxxxxxxxxxxxxxxxxxxxxxxxxxxxxxxxxxxxxxxxxxxxxxxxxxxxxxxxxxxxxxxxxxxxxxxxxxxxxxxxxxxxxxxxxxxxxxxxxxxxxxxxxxxxxxxxxxxxxxxxxxxxxxxxxxxxxxxx
xxxxxxxxxxxxxxxxxxxxgxxxxxxxxxxxxxxxxxxxxxxxxxxxxxxxxxxxxxxxxxxxxxxxxxxxxxxxxxxxxxxxxxxxxxxxxxxxxxxxxxxxxxxxxxxxxxxxxxxxxxxxxxxxxxxxxxxxxxxxx
xxxxxxxxxgxxxxxxgxxxxxxxxxxxxxgxxxxxxxxxxxxxxxxxxxxxxxxxxxxxxxxxxxxxxxxxxxxxxxxxxxxxxxxxxxxxxxxxxxxxxxxxxxxxxxxxxxxxxxxxxxxxxxxxxxxxxxxxxxxxx
xxxpxggggggxxxxggxxggxxxxxxxxggxxggxxxxxxxxxxxxxxxxxxxxxxxxxxxxxxxxxxxxxxxxxxxxxxxxxxxxxxxxxxxxxxxxxxxxxxxxxxxxxxxxxxxxxxxxxxxxxxxxxxxxxxxxxx
gggggggggggggggggggggggxxxggggggggggggggggxxxxxxxxxxxxxxxxxxxxxxxxxxxxxxxxxxxxxxxxxxxxxxxxxxxxxxxxxxxxxxxxxxxxxxxxxxxxxxxxxxxxxxxxxxxxxxxxxxx
gggggggggggggggggggggggxxxggggggggggggggggxxxxxxxxxxxxxxxxxxxxxxxxxxxxxxxxxxxxxxxxxxxxxxxxxxxxxxxxxxxxxxxxxxxxxxxxxxxxxxxxxxxxxxxxxxxxxxxxxxx
gggggggggggggggggggggggxxxggggggggggggggggxxxxxxxxxxxxxxxxggggggggggggggggggggggggggggggggggggxxxxxxxxxxxxxxxxxxxxxxxxxxxxxxxxxxggggggggggggg
gggggggggggggggggggggggxxxggggggggggggggggxxxxxxxxxxxxxxxgggggggggggggggggggggggggggggggggggggxxxxxxxxxxxxxxxxxxxxxxxxxxxxxxxxxxggggggggggggg
xxxxxxxxxxxxxxxxxxxxxxxxxxxxxxxxxxxxxxxxxxxxxxxxxxxxxxxxggggggggggggggggggggggggggggggggggggggxxxxxxxxxxxxxxxxxxxxxxxxxxxxxxxxxxggggggggggggg
xxxxxxxxxxxxxxxxxxxxxxxxxxxxxxxxxxxxxxxxxxxxxxxxxxxxxxxgggggggggggggggggggggggggggggggggggggggxxxxxxxxxxxxxxxxxxxxxxxxxxxxxxxxxxggggggggggggg
xxxxxxxxxxxxxxxxxxxxxxxxxxxxxxxxxxxxxxxxxxxxxxxxxxxxxxggggggggggggggggggggggggggggggggggggggggxxxxxxxxxxxxxxxxxxxxxxxxxxxxxxxxxxggggggggggggg
xxxxxxxxxxxxxxxxxxxxxxxxxxxxxxxxxxxxxxxxxxxxxxxxxxxxxgggggggggggggggggggggggggggggggggggggggggxxxxxxxxxxxxxxxxxxxxxxxxxxxxxxxxxxggggggggggggg
xxxxxxxxxxxxxxxxxxxxxxxxxxxxxxxxxxxxxxxxxxggggggggggggggggggggggggggggggggggggggggggggggggggggxxxxxxxxxxxxxxxxxxxxxxxxxxxxxxxxxxggggggggggggg
xxxxxxxxxxxxxxxxxxxxxxxxxxxxxxxxxxxxxxxxxxggggggggggggggggggggggggggggggggggggggggggggggggggggxxxxxxxxxxxxxxxxxxxxxxxxxxxxxxxxxxggggggggggggg
ggggggggggggggggggggggggggggggggggggggggggggggggggggggggggggggggggggggggggggggggggggggggggggggggggggggggggggggggggggggggggggggggggggggggggggg
ggggggggggggggggggggggggggggggggggggggggggggggggggggggggggggggggggggggggggggggggggggggggggggggggggggggggggggggggggggggggggggggggggggggggggggg
ggggggggggggggggggggggggggggggggggggggggggggggggggggggggggggggggggggggggggggggggggggggggggggggggggggggggggggggggggggggggggggggggggggggggggggg
ggggggggggggggggggggggggggggggggggggggggggggggggggggggggggggggggggggggggggggggggggggggggggggggggggggggggggggggggggggggggggggggggggggggggggggg
