                                                                                                                                             
                                                                                                                                             
  ss                                                                                                                                         
                                                                                                                                             
                                                                                                                                             
   p                                                                                                                                         
                    m                                                                                                                        
                    s  mmm                                                                                                                   
      mm w      s      mmm    s                                                                                                              
 m   qwewsr o  qr  qr  mmm   ss  ss                                                                                                          
qwewesssssswewesswesser   qwesssssssssssss                                                                                                   
asssssssssssssssssssssf   asssssssssssssss                                                                                                   
asssssssssssssssssssssf   asssssssssssssss                ssssssssssssssssssssssssssssssssssss                                  sssssssssssss
zxcxcxcxcxcxcxcxcxcxcxv   zxcxcxcxcxcxcxcv               sssssssssssssssssssssssssssssssssssss                                  sssssssssssss
                                                        ssssssssssssssssssssssssssssssssssssss                                  sssssssssssss
                                                       sssssssssssssssssssssssssssssssssssssss                                  sssssssssssss
                                                      ssssssssssssssssssssssssssssssssssssssss                                  sssssssssssss
                                                     sssssssssssssssssssssssssssssssssssssssss                                  sssssssssssss
                                          ssssssssssssssssssssssssssssssssssssssssssssssssssss                                  sssssssssssss
                                          ssssssssssssssssssssssssssssssssssssssssssssssssssss                                  sssssssssssss
wwwwwwwwwwwwwwwwwwwwwwwwwwwwwwwwwwwwwwwwwwsssssssssssssssssssssssssssssssssssssssssssssssssssssssssssssssssssssssssssssssssssssssssssssssssss
sssssssssssssssssssssssssssssssssssssssssssssssssssssssssssssssssssssssssssssssssssssssssssssssssssssssssssssssssssssssssssssssssssssssssssss
sssssssssssssssssssssssssssssssssssssssssssssssssssssssssssssssssssssssssssssssssssssssssssssssssssssssssssssssssssssssssssssssssssssssssssss
sssssssssssssssssssssssssssssssssssssssssssssssssssssssssssssssssssssssssssssssssssssssssssssssssssssssssssssssssssssssssssssssssssssssssssss
